
> vite_react_shadcn_ts@0.0.0 build
> vite build

[36mvite v5.4.19 [32mbuilding for production...[36m[39m
transforming...
node.exe : Browserslist: browsers data (caniuse-lite) 
is 8 months old. Please run:
At line:1 char:1
+ & "C:\Program Files\nodejs/node.exe" "C:\Program 
Files\nodejs/node_mo ...
+ ~~~~~~~~~~~~~~~~~~~~~~~~~~~~~~~~~~~~~~~~~~~~~~~~~~~~~
~~~~~~~~~~~~~~~~
    + CategoryInfo          : NotSpecified: (Browsersl 
   ist: b...ld. Please run::String) [], RemoteExcepti  
  on
    + FullyQualifiedErrorId : NativeCommandError
 
  npx update-browserslist-db@latest
  Why you should do it regularly: 
https://github.com/browserslist/update-db#readme
[32mΓ£ô[39m 383 modules transformed.
[31mx[39m Build failed in 2.31s
[31merror during build:
[31m[vite:load-fallback] Could not load C:\Users\Siddh
\OneDrive\Desktop\cryptaris\src/lib/config (imported 
by src/pages/features/FileShredder.tsx): ENOENT: no 
such file or directory, open 'C:\Users\Siddh\OneDrive\D
esktop\cryptaris\src\lib\config'[31m
    at async open (node:internal/fs/promises:637:25)
    at async Object.readFile 
(node:internal/fs/promises:1269:14)
    at async Object.load (file:///C:/Users/Siddh/OneDri
ve/Desktop/cryptaris/node_modules/vite/dist/node/chunks
/dep-C6uTJdX2.js:65341:25)
    at async PluginDriver.hookFirstAndGetPlugin (file:/
//C:/Users/Siddh/OneDrive/Desktop/cryptaris/node_module
s/rollup/dist/es/shared/node-entry.js:20630:28)
    at async file:///C:/Users/Siddh/OneDrive/Desktop/cr
yptaris/node_modules/rollup/dist/es/shared/node-entry.j
s:19750:33
    at async Queue.work (file:///C:/Users/Siddh/OneDriv
e/Desktop/cryptaris/node_modules/rollup/dist/es/shared/
node-entry.js:20840:32)[39m
